[softali.net/victor/wookie/html/index.html]
[backblue.gif]
[fade.gif]
[index.html]
[softali.net/victor/wookie/html/favicon.ico]
[softali.net/victor/wookie/html/index-02.html]
[softali.net/victor/wookie/html/css/style.css]
[softali.net/victor/wookie/html/index-03.html]
[softali.net/victor/wookie/html/index-04.html]
[softali.net/victor/wookie/html/index-05.html]
[softali.net/victor/wookie/html/index-06.html]
[softali.net/victor/wookie/html/index-07.html]
[softali.net/victor/wookie/html/index-08.html]
[softali.net/victor/wookie/html/index-09.html]
[softali.net/victor/wookie/html/index-10.html]
[softali.net/victor/wookie/html/index-11.html]
[softali.net/victor/wookie/html/index-12.html]
[softali.net/victor/wookie/html/index-13.html]
[softali.net/victor/wookie/html/index-14.html]
[softali.net/victor/wookie/html/index-15.html]
[softali.net/victor/wookie/html/index-16.html]
[softali.net/victor/wookie/html/index-17.html]
[softali.net/victor/wookie/html/index-18.html]
[softali.net/victor/wookie/html/index-19.html]
[softali.net/victor/wookie/html/index-20.html]
[softali.net/victor/wookie/html/index-skin-baby.html]
[softali.net/victor/wookie/html/index-skin-beer.html]
[softali.net/victor/wookie/html/index-skin-books02.html]
[softali.net/victor/wookie/html/index-skin-care.html]
[softali.net/victor/wookie/html/index-skin-cakes.html]
[softali.net/victor/wookie/html/index-skin-coffee.html]
[softali.net/victor/wookie/html/index-skin-comic-books.html]
[softali.net/victor/wookie/html/index-skin-cookware.html]
[softali.net/victor/wookie/html/index-skin-food.html]
[softali.net/victor/wookie/html/index-skin-furniture02.html]
[softali.net/victor/wookie/html/index-skin-handmade.html]
[softali.net/victor/wookie/html/index-skin-oneproducts.html]
[softali.net/victor/wookie/html/index-skin-oneproducts02.html]
[softali.net/victor/wookie/html/index-skin-plants.html]
[softali.net/victor/wookie/html/index-skin-shirts.html]
[softali.net/victor/wookie/html/index-skin-tea.html]
[softali.net/victor/wookie/html/index-skin-wallets.html]
[softali.net/victor/wookie/html/index-skin-tools.html]
[softali.net/victor/wookie/html/index-skin-watches.html]
[softali.net/victor/wookie/html/index-skin-bicycle.html]
[softali.net/victor/wookie/html/index-skin-bikes.html]
[softali.net/victor/wookie/html/index-skin-books.html]
[softali.net/victor/wookie/html/index-skin-clothes.html]
[softali.net/victor/wookie/html/index-skin-carsshop.html]
[softali.net/victor/wookie/html/index-skin-cosmetics.html]
[softali.net/victor/wookie/html/index-skin-food-02.html]
[softali.net/victor/wookie/html/index-skin-electronics.html]
[softali.net/victor/wookie/html/index-skin-furniture.html]
[softali.net/victor/wookie/html/index-skin-glasses.html]
[softali.net/victor/wookie/html/index-skin-gothic.html]
[softali.net/victor/wookie/html/index-skin-jewerly.html]
[softali.net/victor/wookie/html/index-skin-kids-clothes.html]
[softali.net/victor/wookie/html/index-skin-toys.html]
[softali.net/victor/wookie/html/index-skin-lingerie.html]
[softali.net/victor/wookie/html/index-skin-medical.html]
[softali.net/victor/wookie/html/index-skin-oneproducts03.html]
[softali.net/victor/wookie/html/index-skin-phones.html]
[softali.net/victor/wookie/html/index-skin-phone-cases.html]
[softali.net/victor/wookie/html/index-skin-snowboards.html]
[softali.net/victor/wookie/html/index-skin-weapons.html]
[softali.net/victor/wookie/html/index-skin-yoga.html]
[softali.net/victor/wookie/html/listing-left-column.html]
[softali.net/victor/wookie/html/listing-right-column.html]
[softali.net/victor/wookie/html/listing-not-sidebar.html]
[softali.net/victor/wookie/html/listing-not-sidebar-full-width.html]
[softali.net/victor/wookie/html/listing-metro.html]
[softali.net/victor/wookie/html/listing-left-column-with-block.html]
[softali.net/victor/wookie/html/listing-collection.html]
[softali.net/victor/wookie/html/lookbook.html]
[softali.net/victor/wookie/html/product.html]
[softali.net/victor/wookie/html/product-02.html]
[softali.net/victor/wookie/html/product-03.html]
[softali.net/victor/wookie/html/product-04.html]
[softali.net/victor/wookie/html/product-variable.html]
[softali.net/victor/wookie/html/product-three-columns.html]
[softali.net/victor/wookie/html/product-label-new.html]
[softali.net/victor/wookie/html/product-label-sale.html]
[softali.net/victor/wookie/html/product-label-out-of-stock.html]
[softali.net/victor/wookie/html/shopping_cart_02.html]
[softali.net/victor/wookie/html/shopping_cart_01.html]
[softali.net/victor/wookie/html/account.html]
[softali.net/victor/wookie/html/account_address.html]
[softali.net/victor/wookie/html/account_address_fields.html]
[softali.net/victor/wookie/html/blog-listing-without-col.html]
[softali.net/victor/wookie/html/blog-listing-col-left.html]
[softali.net/victor/wookie/html/blog-listing-col-right.html]
[softali.net/victor/wookie/html/blog-masonry-col-2.html]
[softali.net/victor/wookie/html/blog-masonry-col-3.html]
[softali.net/victor/wookie/html/blog-masonry-col-3-filter.html]
[softali.net/victor/wookie/html/blog-single-post.html]
[softali.net/victor/wookie/html/blog-single-post-gallery.html]
[softali.net/victor/wookie/html/blog-single-post-link.html]
[softali.net/victor/wookie/html/blog-single-post-quote.html]
[softali.net/victor/wookie/html/blog-single-post-video.html]
[softali.net/victor/wookie/html/blog-single-post-audio.html]
[softali.net/victor/wookie/html/portfolio-col-grid-four.html]
[softali.net/victor/wookie/html/portfolio-col-grid-two.html]
[softali.net/victor/wookie/html/portfolio-col-grid-three.html]
[softali.net/victor/wookie/html/portfolio-col-grid-four-without-filter.html]
[softali.net/victor/wookie/html/portfolio-col-wide-three.html]
[softali.net/victor/wookie/html/portfolio-col-wide-two.html]
[softali.net/victor/wookie/html/portfolio-col-wide-four.html]
[softali.net/victor/wookie/html/about.html]
[softali.net/victor/wookie/html/about-02.html]
[softali.net/victor/wookie/html/contact.html]
[softali.net/victor/wookie/html/contact-02.html]
[softali.net/victor/wookie/html/services.html]
[softali.net/victor/wookie/html/faq.html]
[softali.net/victor/wookie/html/coming-soon.html]
[softali.net/victor/wookie/html/page404.html]
[softali.net/victor/wookie/html/typography.html]
[softali.net/victor/wookie/html/gift-cart.html]
[softali.net/victor/wookie/html/demo-modal.html]
[softali.net/victor/wookie/html/demo-modal-black_friday.html]
[softali.net/victor/wookie/html/demo-modal-cyber_monday.html]
[softali.net/victor/wookie/html/demo-modal-merry_christmas.html]
[softali.net/victor/wookie/html/compare.html]
[softali.net/victor/wookie/html/compare-02.html]
[softali.net/victor/wookie/html/wishlist.html]
[softali.net/victor/wookie/html/empty-search.html]
[softali.net/victor/wookie/html/empty-cart.html]
[softali.net/victor/wookie/html/empty-wishlist.html]
[softali.net/victor/wookie/html/index-rtl.html]
[softali.net/victor/wookie/html/images/custom/logo.png]
[softali.net/victor/wookie/html/images/loader.svg]
[softali.net/victor/wookie/html/login.html]
[softali.net/victor/wookie/html/create-account.html]
[softali.net/victor/wookie/html/video/video_img.jpg]
[softali.net/victor/wookie/html/video/video.mp4]
[softali.net/victor/wookie/html/account_order.html]
[softali.net/victor/wookie/html/images/custom/rtlbutton-color.png]
[ajax.googleapis.com/ajax/libs/jquery/2.2.4/jquery.min.js]
[softali.net/victor/wookie/html/external/jquery/jquery.min.js]
[softali.net/victor/wookie/html/index.html]
[softali.net/victor/wookie/html/js/bundle.js]
[softali.net/victor/wookie/html/external/rs-plugin/assets/shadow1.png]
[softali.net/victor/wookie/html/external/rs-plugin/assets/shadow2.png]
[softali.net/victor/wookie/html/external/rs-plugin/assets/shadow3.png]
[softali.net/victor/wookie/html/external/rs-plugin/assets/gridtile.png]
[softali.net/victor/wookie/html/external/rs-plugin/assets/gridtile_white.png]
[softali.net/victor/wookie/html/external/rs-plugin/assets/gridtile_3x3.png]
[softali.net/victor/wookie/html/external/rs-plugin/assets/gridtile_3x3_white.png]
[softali.net/victor/wookie/html/external/rs-plugin/assets/boxed_bgtile.png]
[softali.net/victor/wookie/html/external/rs-plugin/assets/navigdots_bgtile.png]
[softali.net/victor/wookie/html/external/rs-plugin/assets/bullets.png]
[softali.net/victor/wookie/html/external/rs-plugin/assets/bullets2.png]
[softali.net/victor/wookie/html/external/rs-plugin/assets/bullet_boxed.png]
[softali.net/victor/wookie/html/external/rs-plugin/assets/navigdots.png]
[softali.net/victor/wookie/html/external/rs-plugin/assets/large_left.png]
[softali.net/victor/wookie/html/external/rs-plugin/assets/large_right.png]
[softali.net/victor/wookie/html/external/rs-plugin/assets/small_left.png]
[softali.net/victor/wookie/html/external/rs-plugin/assets/small_right.png]
[softali.net/victor/wookie/html/external/rs-plugin/assets/arrow_left.png]
[softali.net/victor/wookie/html/external/rs-plugin/assets/arrow_right.png]
[softali.net/victor/wookie/html/external/rs-plugin/assets/small_left_boxed.png]
[softali.net/victor/wookie/html/external/rs-plugin/assets/small_right_boxed.png]
[softali.net/victor/wookie/html/external/rs-plugin/assets/arrowleft.png]
[softali.net/victor/wookie/html/external/rs-plugin/assets/arrowright.png]
[softali.net/victor/wookie/html/external/rs-plugin/assets/arrow_left2.png]
[softali.net/victor/wookie/html/external/rs-plugin/assets/arrow_right2.png]
[softali.net/victor/wookie/html/external/rs-plugin/assets/timer.png]
[softali.net/victor/wookie/html/external/rs-plugin/assets/coloredbg.png]
[softali.net/victor/wookie/html/external/rs-plugin/assets/loader.gif]
[softali.net/victor/wookie/html/external/rs-plugin/font/revicons90c6.eot]
[softali.net/victor/wookie/html/external/rs-plugin/font/revicons90c6.woff]
[softali.net/victor/wookie/html/external/rs-plugin/font/revicons90c6.ttf]
[softali.net/victor/wookie/html/external/rs-plugin/font/revicons90c6.svg]
[softali.net/victor/wookie/html/font/fonts/wokiee0959.eot]
[softali.net/victor/wookie/html/font/fonts/wokiee0959.ttf]
[softali.net/victor/wookie/html/font/fonts/wokiee0959.woff]
[softali.net/victor/wookie/html/images/custom/bg-discount.png]
[softali.net/victor/wookie/html/font/fonts/wokiee0959.svg]
[softali.net/victor/wookie/html/images/skin-carsshop/menu-bg-01.jpg]
[softali.net/victor/wookie/html/images/custom/contact-img-01.jpg]
[softali.net/victor/wookie/html/images/custom/comingsoon-img-01.jpg]
[softali.net/victor/wookie/html/images/custom/tt-gift-box-border2.png]
[softali.net/victor/wookie/html/images/custom/tt-gift-box-border1.png]
[softali.net/victor/wookie/html/images/custom/wrapper-section-01.jpg]
[softali.net/victor/wookie/html/css/style.css]
[softali.net/victor/wookie/html/index-02.html]
[softali.net/victor/wookie/html/index-03.html]
[softali.net/victor/wookie/html/images/custom/header-promo-01.jpg]
[softali.net/victor/wookie/html/index-04.html]
[softali.net/victor/wookie/html/video/blank.png]
[softali.net/victor/wookie/html/index-05.html]
[softali.net/victor/wookie/html/images/slides/06/slide-01.jpg]
[softali.net/victor/wookie/html/images/slides/06/slide-02.jpg]
[softali.net/victor/wookie/html/index-06.html]
[softali.net/victor/wookie/html/images/slides/07/slide-01.jpg]
[softali.net/victor/wookie/html/images/slides/07/slide-02.jpg]
[softali.net/victor/wookie/html/index-07.html]
[softali.net/victor/wookie/html/images/custom/logo-white.png]
[softali.net/victor/wookie/html/images/slides/08/slide-01.jpg]
[softali.net/victor/wookie/html/images/slides/08/slide-02.jpg]
[softali.net/victor/wookie/html/images/slides/08/slide-03.jpg]
[softali.net/victor/wookie/html/index-08.html]
[softali.net/victor/wookie/html/images/custom/brand-img-01.png]
[softali.net/victor/wookie/html/images/custom/brand-img-05.png]
[softali.net/victor/wookie/html/images/custom/brand-img-06.png]
[softali.net/victor/wookie/html/images/custom/brand-img-02.png]
[softali.net/victor/wookie/html/images/custom/brand-img-07.png]
[softali.net/victor/wookie/html/images/custom/brand-img-04.png]
[softali.net/victor/wookie/html/images/custom/brand-img-03.png]
[softali.net/victor/wookie/html/images/custom/brand-img-08.png]
[softali.net/victor/wookie/html/index-09.html]
[softali.net/victor/wookie/html/images/slides/10/slide-01.jpg]
[softali.net/victor/wookie/html/images/slides/10/slide-03.jpg]
[softali.net/victor/wookie/html/images/slides/10/slide-02.jpg]
[softali.net/victor/wookie/html/index-10.html]
[softali.net/victor/wookie/html/index-11.html]
[softali.net/victor/wookie/html/images/slides/12/slide-01.jpg]
[softali.net/victor/wookie/html/images/slides/12/slide-02.jpg]
[softali.net/victor/wookie/html/index-12.html]
[softali.net/victor/wookie/html/images/lookbook/lookbook-10.jpg]
[softali.net/victor/wookie/html/images/product/product-01-02.jpg]
[softali.net/victor/wookie/html/images/lookbook/lookbook-11.jpg]
[softali.net/victor/wookie/html/images/lookbook/lookbook-12.jpg]
[softali.net/victor/wookie/html/images/lookbook/lookbook-13.jpg]
[softali.net/victor/wookie/html/images/lookbook/lookbook-14.jpg]
[softali.net/victor/wookie/html/images/lookbook/lookbook-15.jpg]
[softali.net/victor/wookie/html/index-13.html]
[softali.net/victor/wookie/html/images/slides/14/slide-01.jpg]
[softali.net/victor/wookie/html/images/slides/14/slide-02.jpg]
[softali.net/victor/wookie/html/index-14.html]
[softali.net/victor/wookie/html/images/promo/index15-promo-img-01.jpg]
[softali.net/victor/wookie/html/index-15.html]
[app.addsauce.com_443/widgets/widget_loader/270ad337-910e-4686-944d-404397429c10/grid.js]
[softali.net/victor/wookie/html/images/slides/16/slide-01.jpg]
[softali.net/victor/wookie/html/images/slides/16/slide-02.jpg]
[softali.net/victor/wookie/html/images/slides/16/slide-03.jpg]
[softali.net/victor/wookie/html/index-16.html]
[softali.net/victor/wookie/html/images/slides/17/slide-01.jpg]
[softali.net/victor/wookie/html/images/slides/17/slide-02.jpg]
[softali.net/victor/wookie/html/index-17.html]
[softali.net/victor/wookie/html/index-21.html]
[softali.net/victor/wookie/html/index-skin-football.html]
[softali.net/victor/wookie/html/index-skin-base-ball.html]
[softali.net/victor/wookie/html/index-skin-basketball.html]
[softali.net/victor/wookie/html/index-skin-christmas.html]
[softali.net/victor/wookie/html/index-skin-drones.html]
[softali.net/victor/wookie/html/index-skin-flowers.html]
[softali.net/victor/wookie/html/index-skin-lifestyle.html]
[softali.net/victor/wookie/html/index-skin-olivers.html]
[softali.net/victor/wookie/html/index-18.html]
[softali.net/victor/wookie/html/images/slides/19/slide-01.jpg]
[softali.net/victor/wookie/html/index-19.html]
[softali.net/victor/wookie/html/images/custom/btn-img01.jpg]
[softali.net/victor/wookie/html/images/custom/btn-img02.jpg]
[softali.net/victor/wookie/html/images/custom/btn-img03.jpg]
[softali.net/victor/wookie/html/images/custom/btn-img04.jpg]
[softali.net/victor/wookie/html/images/custom/btn-img05.jpg]
[softali.net/victor/wookie/html/images/custom/btn-img06.jpg]
[softali.net/victor/wookie/html/images/custom/btn-img07.jpg]
[softali.net/victor/wookie/html/images/custom/btn-img08.jpg]
[softali.net/victor/wookie/html/images/custom/btn-img09.jpg]
[softali.net/victor/wookie/html/images/custom/btn-img10.jpg]
[softali.net/victor/wookie/html/images/promo/index20-promo-img-04.jpg]
[softali.net/victor/wookie/html/images/promo/index20-promo-img-03.jpg]
[softali.net/victor/wookie/html/images/product/product-32.jpg]
[softali.net/victor/wookie/html/images/product/product-32-02.jpg]
[softali.net/victor/wookie/html/index-20.html]
[softali.net/victor/wookie/html/css/style-skin-baby.css]
[softali.net/victor/wookie/html/images/skin-baby/logo.png]
[softali.net/victor/wookie/html/images/skin-baby/img-02.jpg]
[softali.net/victor/wookie/html/images/skin-baby/promo/promo-img-01.jpg]
[softali.net/victor/wookie/html/images/skin-baby/portfolio/img-01.jpg]
[softali.net/victor/wookie/html/images/skin-baby/portfolio/img-02.jpg]
[softali.net/victor/wookie/html/images/skin-baby/portfolio/img-03.jpg]
[softali.net/victor/wookie/html/images/skin-baby/portfolio/img-04.jpg]
[softali.net/victor/wookie/html/images/skin-baby/portfolio/img-05.jpg]
[softali.net/victor/wookie/html/images/skin-baby/portfolio/img-06.jpg]
[softali.net/victor/wookie/html/images/skin-baby/portfolio/img-07.jpg]
[softali.net/victor/wookie/html/images/skin-baby/portfolio/img-08.jpg]
[softali.net/victor/wookie/html/images/skin-baby/portfolio/img-09.jpg]
[softali.net/victor/wookie/html/images/skin-baby/portfolio/img-10.jpg]
[softali.net/victor/wookie/html/index-skin-baby.html]
[softali.net/victor/wookie/html/separate-include/portfolio/portfolio.js]
[softali.net/victor/wookie/html/css/style-skin-beer.css]
[softali.net/victor/wookie/html/images/skin-beers/logo.png]
[softali.net/victor/wookie/html/images/loader-05.svg]
[softali.net/victor/wookie/html/images/skin-beers/slides/slide-01.jpg]
[softali.net/victor/wookie/html/images/skin-beers/img-01.jpg]
[softali.net/victor/wookie/html/images/skin-beers/bg01.jpg]
[softali.net/victor/wookie/html/images/skin-beers/portfolio-01.jpg]
[softali.net/victor/wookie/html/images/skin-beers/portfolio-02.jpg]
[softali.net/victor/wookie/html/images/skin-beers/portfolio-03.jpg]
[softali.net/victor/wookie/html/images/skin-beers/portfolio-04.jpg]
[softali.net/victor/wookie/html/images/skin-beers/portfolio-05.jpg]
[softali.net/victor/wookie/html/images/skin-beers/portfolio-06.jpg]
[softali.net/victor/wookie/html/index-skin-beer.html]
[softali.net/victor/wookie/html/css/style-skin-books02.css]
[softali.net/victor/wookie/html/images/skin-books02/logo.png]
[softali.net/victor/wookie/html/images/loader-02.svg]
[softali.net/victor/wookie/html/images/skin-books02/product/product-01.jpg]
[softali.net/victor/wookie/html/images/skin-books02/product/product-05.jpg]
[softali.net/victor/wookie/html/images/skin-books02/product/product-12.jpg]
[softali.net/victor/wookie/html/images/skin-books02/product/product-02.jpg]
[softali.net/victor/wookie/html/images/skin-books02/product/product-08.jpg]
[softali.net/victor/wookie/html/images/skin-books02/product/product-04.jpg]
[softali.net/victor/wookie/html/index-skin-books02.html]
[softali.net/victor/wookie/html/css/style-skin-care.css]
[softali.net/victor/wookie/html/images/skin-care/logo.png]
[softali.net/victor/wookie/html/images/skin-care/product/product-01.jpg]
[softali.net/victor/wookie/html/images/skin-care/slides/slide-01.jpg]
[softali.net/victor/wookie/html/images/skin-care/promo-img-03.jpg]
[softali.net/victor/wookie/html/images/skin-care/portfolio/portfolio-01.jpg]
[softali.net/victor/wookie/html/images/skin-care/portfolio/portfolio-02.jpg]
[softali.net/victor/wookie/html/images/skin-care/portfolio/portfolio-03.jpg]
[softali.net/victor/wookie/html/images/skin-care/portfolio/portfolio-04.jpg]
[softali.net/victor/wookie/html/images/skin-care/portfolio/portfolio-05.jpg]
[softali.net/victor/wookie/html/images/skin-care/portfolio/portfolio-06.jpg]
[softali.net/victor/wookie/html/images/skin-care/product/product-01-02.jpg]
[softali.net/victor/wookie/html/index-skin-care.html]
[softali.net/victor/wookie/html/css/style-skin-cakes.css]
[softali.net/victor/wookie/html/images/skin-cakes/logo.png]
[softali.net/victor/wookie/html/index-skin-cakes.html]
[softali.net/victor/wookie/html/css/style-skin-coffee.css]
[softali.net/victor/wookie/html/images/skin-coffee/coffee-logo.png]
[softali.net/victor/wookie/html/images/loader-03.svg]
[softali.net/victor/wookie/html/images/skin-coffee/coffee-01.jpg]
[softali.net/victor/wookie/html/images/skin-coffee/coffee-02.jpg]
[softali.net/victor/wookie/html/images/skin-coffee/coffee-03.jpg]
[softali.net/victor/wookie/html/images/skin-coffee/coffee-04.jpg]
[softali.net/victor/wookie/html/index-skin-coffee.html]
[softali.net/victor/wookie/html/separate-include/main-slick-slider/main-slick-slider.js]
[softali.net/victor/wookie/html/css/style-skin-comic-books.css]
[softali.net/victor/wookie/html/images/skin-comic-books/logo.png]
[softali.net/victor/wookie/html/images/skin-comic-books/product/product-01.jpg]
[softali.net/victor/wookie/html/images/skin-comic-books/product/product-02.jpg]
[softali.net/victor/wookie/html/images/skin-comic-books/product/product-03.jpg]
[softali.net/victor/wookie/html/images/skin-comic-books/product/product-10.jpg]
[softali.net/victor/wookie/html/images/skin-comic-books/product/product-04.jpg]
[softali.net/victor/wookie/html/images/skin-comic-books/product/product-08.jpg]
[softali.net/victor/wookie/html/images/skin-comic-books/product/product-06.jpg]
[softali.net/victor/wookie/html/images/skin-comic-books/product/product-09.jpg]
[softali.net/victor/wookie/html/index-skin-comic-books.html]
[softali.net/victor/wookie/html/images/skin-cookware/logo.png]
[softali.net/victor/wookie/html/images/skin-cookware/slides/slide-01.jpg]
[softali.net/victor/wookie/html/images/skin-cookware/slides/slide-02.jpg]
[softali.net/victor/wookie/html/css/style-skin-cookware.css]
[softali.net/victor/wookie/html/images/skin-cookware/slides/slide-03.jpg]
[cdn.shopify.com/s/files/1/0250/0401/5704/files/cookwaren_13_2048x4e21.jpg]
[softali.net/victor/wookie/html/index-skin-cookware.html]
[softali.net/victor/wookie/html/css/style-skin-food.css]
[softali.net/victor/wookie/html/images/skin-food/logo.svg]
[softali.net/victor/wookie/html/images/loader-09.svg]
[softali.net/victor/wookie/html/images/skin-food/mainpromo-img-01.png]
[softali.net/victor/wookie/html/images/skin-food/product/burgers/product-01.jpg]
[softali.net/victor/wookie/html/images/skin-food/product/burgers/product-02.jpg]
[softali.net/victor/wookie/html/images/skin-food/product/burgers/product-03.jpg]
[softali.net/victor/wookie/html/images/skin-food/product/burgers/product-04.jpg]
[softali.net/victor/wookie/html/images/skin-food/product/burgers/product-05.jpg]
[softali.net/victor/wookie/html/images/skin-food/product/salads/product-01.jpg]
[softali.net/victor/wookie/html/images/skin-food/product/salads/product-02.jpg]
[softali.net/victor/wookie/html/images/skin-food/product/salads/product-03.jpg]
[softali.net/victor/wookie/html/images/skin-food/product/salads/product-04.jpg]
[softali.net/victor/wookie/html/images/skin-food/product/salads/product-05.jpg]
[softali.net/victor/wookie/html/images/skin-food/product/snacks/product-01.jpg]
[softali.net/victor/wookie/html/images/skin-food/product/snacks/product-02.jpg]
[softali.net/victor/wookie/html/images/skin-food/product/snacks/product-03.jpg]
[softali.net/victor/wookie/html/images/skin-food/product/snacks/product-04.jpg]
[softali.net/victor/wookie/html/images/skin-food/product/snacks/product-05.jpg]
[softali.net/victor/wookie/html/images/skin-food/product/soups/product-01.jpg]
[softali.net/victor/wookie/html/images/skin-food/product/soups/product-02.jpg]
[softali.net/victor/wookie/html/images/skin-food/product/soups/product-03.jpg]
[softali.net/victor/wookie/html/images/skin-food/product/soups/product-05.jpg]
[softali.net/victor/wookie/html/images/skin-food/product/sauces/product-01.jpg]
[softali.net/victor/wookie/html/images/skin-food/product/sauces/product-02.jpg]
[softali.net/victor/wookie/html/images/skin-food/product/sauces/product-03.jpg]
[softali.net/victor/wookie/html/images/skin-food/product/sauces/product-04.jpg]
[softali.net/victor/wookie/html/images/skin-food/product/sauces/product-05.jpg]
[softali.net/victor/wookie/html/images/skin-food/product/beverages/product-01.jpg]
[softali.net/victor/wookie/html/images/skin-food/product/beverages/product-02.jpg]
[softali.net/victor/wookie/html/images/skin-food/product/beverages/product-03.jpg]
[softali.net/victor/wookie/html/images/skin-food/product/beverages/product-04.jpg]
[softali.net/victor/wookie/html/images/skin-food/product/beverages/product-05.jpg]
[softali.net/victor/wookie/html/images/skin-food/img-map-01.jpg]
[softali.net/victor/wookie/html/images/skin-food/portfolio-01.jpg]
[softali.net/victor/wookie/html/images/skin-food/portfolio-02.jpg]
[softali.net/victor/wookie/html/images/skin-food/portfolio-03.jpg]
[softali.net/victor/wookie/html/images/skin-food/portfolio-04.jpg]
[softali.net/victor/wookie/html/images/skin-food/portfolio-05.jpg]
[softali.net/victor/wookie/html/images/skin-food/portfolio-06.jpg]
[softali.net/victor/wookie/html/images/skin-food/portfolio-07.jpg]
[softali.net/victor/wookie/html/images/skin-food/portfolio-08.jpg]
[softali.net/victor/wookie/html/images/skin-food/portfolio-09.jpg]
[softali.net/victor/wookie/html/images/skin-food/portfolio-10.jpg]
[softali.net/victor/wookie/html/index-skin-food.html]
[softali.net/victor/wookie/html/css/style-skin-furniture02.css]
[softali.net/victor/wookie/html/images/skin-furniture02/logo.png]
[softali.net/victor/wookie/html/images/skin-furniture02/slides/slide-01.jpg]
[softali.net/victor/wookie/html/images/skin-furniture02/slides/slide-02.jpg]
[softali.net/victor/wookie/html/images/skin-furniture02/slides/slide-03.jpg]
[softali.net/victor/wookie/html/images/skin-furniture02/product/product-01.jpg]
[softali.net/victor/wookie/html/images/skin-furniture02/product/product-02.jpg]
[softali.net/victor/wookie/html/images/skin-furniture02/product/product-03.jpg]
[softali.net/victor/wookie/html/images/skin-furniture02/product/product-04.jpg]
[softali.net/victor/wookie/html/images/skin-furniture02/product/product-05.jpg]
[softali.net/victor/wookie/html/images/skin-furniture02/img-02.jpg]
[softali.net/victor/wookie/html/images/skin-furniture02/img-03.jpg]
[softali.net/victor/wookie/html/index-skin-furniture02.html]
[softali.net/victor/wookie/html/images/skin-handmade/logo.png]
[softali.net/victor/wookie/html/images/skin-handmade/slides/slide-01.jpg]
[softali.net/victor/wookie/html/css/style-skin-handmade.css]
[softali.net/victor/wookie/html/images/skin-handmade/slides/slide-02.jpg]
[softali.net/victor/wookie/html/images/skin-handmade/slides/slide-03.jpg]
[softali.net/victor/wookie/html/images/skin-handmade/slides/slide-04.jpg]
[softali.net/victor/wookie/html/images/skin-handmade/product/product-01.jpg]
[softali.net/victor/wookie/html/images/skin-handmade/product/product-02.jpg]
[softali.net/victor/wookie/html/images/skin-handmade/product/product-05.jpg]
[softali.net/victor/wookie/html/images/skin-handmade/product/product-03.jpg]
[softali.net/victor/wookie/html/images/skin-handmade/product/product-04.jpg]
[softali.net/victor/wookie/html/images/skin-handmade/product/product-06.jpg]
[softali.net/victor/wookie/html/images/skin-handmade/product/product-07.jpg]
[softali.net/victor/wookie/html/images/skin-handmade/product/product-09.jpg]
[softali.net/victor/wookie/html/images/skin-handmade/product/product-08.jpg]
[softali.net/victor/wookie/html/images/skin-handmade/product/product-10.jpg]
[softali.net/victor/wookie/html/images/skin-handmade/img-01.jpg]
[softali.net/victor/wookie/html/images/skin-handmade/img-02.jpg]
[softali.net/victor/wookie/html/images/skin-handmade/logo_invert.png]
[softali.net/victor/wookie/html/index-skin-handmade.html]
[softali.net/victor/wookie/html/css/style-skin-oneproducts.css]
[softali.net/victor/wookie/html/images/skin-one-product/logo.png]
[softali.net/victor/wookie/html/images/skin-one-product/slides/slide-01.jpg]
[softali.net/victor/wookie/html/images/skin-one-product/img-03.jpg]
[softali.net/victor/wookie/html/images/skin-one-product/img-04.jpg]
[softali.net/victor/wookie/html/images/skin-one-product/img-02.png]
[softali.net/victor/wookie/html/images/skin-one-product/img-01.png]
[softali.net/victor/wookie/html/images/skin-one-product/img-05.jpg]
[softali.net/victor/wookie/html/images/skin-one-product/img-06.jpg]
[softali.net/victor/wookie/html/images/skin-one-product/img-07.jpg]
[softali.net/victor/wookie/html/images/skin-one-product/img-08.jpg]
[softali.net/victor/wookie/html/index-skin-oneproducts.html]
[softali.net/victor/wookie/html/css/style-skin-oneproducts02.css]
[softali.net/victor/wookie/html/images/skin-one-product02/logo.png]
[softali.net/victor/wookie/html/images/skin-one-product02/slides/slide-01.jpg]
[softali.net/victor/wookie/html/images/skin-one-product02/slides/slide-02.jpg]
[softali.net/victor/wookie/html/images/skin-one-product02/img01.jpg]
[softali.net/victor/wookie/html/images/skin-one-product02/slider/img-01.jpg]
[softali.net/victor/wookie/html/images/skin-one-product02/slider/img-02.jpg]
[softali.net/victor/wookie/html/images/skin-one-product02/portfolio/portfolio-01.jpg]
[softali.net/victor/wookie/html/images/skin-one-product02/portfolio/portfolio-02.jpg]
[softali.net/victor/wookie/html/images/skin-one-product02/portfolio/portfolio-03.jpg]
[softali.net/victor/wookie/html/images/skin-one-product02/portfolio/portfolio-04.jpg]
[softali.net/victor/wookie/html/images/skin-one-product02/portfolio/portfolio-05.jpg]
[softali.net/victor/wookie/html/images/skin-one-product02/portfolio/portfolio-06.jpg]
[softali.net/victor/wookie/html/images/skin-one-product02/portfolio/portfolio-07.jpg]
[softali.net/victor/wookie/html/images/skin-one-product02/portfolio/portfolio-08.jpg]
[softali.net/victor/wookie/html/images/skin-one-product02/portfolio/portfolio-09.jpg]
[softali.net/victor/wookie/html/images/skin-one-product02/portfolio/portfolio-10.jpg]
[softali.net/victor/wookie/html/images/skin-one-product02/portfolio/portfolio-11.jpg]
[softali.net/victor/wookie/html/images/skin-one-product02/portfolio/portfolio-12.jpg]
[softali.net/victor/wookie/html/images/skin-one-product02/logo02.png]
[softali.net/victor/wookie/html/index-skin-oneproducts02.html]
[softali.net/victor/wookie/html/images/skin-plants/logo.svg]
[softali.net/victor/wookie/html/index-skin-plants__list.html]
[softali.net/victor/wookie/html/css/style-skin-plants.css]
[softali.net/victor/wookie/html/images/skin-plants/img-04.jpg]
[softali.net/victor/wookie/html/images/skin-plants/img-05.jpg]
[softali.net/victor/wookie/html/images/skin-plants/portfolio/img-01.jpg]
[softali.net/victor/wookie/html/images/skin-plants/portfolio/img-02.jpg]
[softali.net/victor/wookie/html/images/skin-plants/portfolio/img-03.jpg]
[softali.net/victor/wookie/html/images/skin-plants/portfolio/img-04.jpg]
[softali.net/victor/wookie/html/images/skin-plants/portfolio/img-06.jpg]
[softali.net/victor/wookie/html/images/skin-plants/portfolio/img-07.jpg]
[softali.net/victor/wookie/html/images/skin-plants/portfolio/img-08.jpg]
[softali.net/victor/wookie/html/index-skin-plants.html]
[softali.net/victor/wookie/html/css/style-skin-shirts.css]
[softali.net/victor/wookie/html/images/skin-t-shirts/logo.png]
[softali.net/victor/wookie/html/images/loader-04.svg]
[softali.net/victor/wookie/html/images/skin-t-shirts/slides/slide-01.jpg]
[softali.net/victor/wookie/html/images/skin-t-shirts/img-01.jpg]
[softali.net/victor/wookie/html/index-skin-shirts.html]
[softali.net/victor/wookie/html/images/skin-tea/logo.png]
[softali.net/victor/wookie/html/images/skin-tea/slides/slide-01.jpg]
[softali.net/victor/wookie/html/css/style-skin-tea.css]
[softali.net/victor/wookie/html/images/skin-tea/slides/slide-02.jpg]
[softali.net/victor/wookie/html/images/skin-tea/slides/slide-03.jpg]
[softali.net/victor/wookie/html/images/skin-tea/promo-img-04.jpg]
[softali.net/victor/wookie/html/index-skin-tea.html]
[softali.net/victor/wookie/html/images/skin-tools/logo.png]
[softali.net/victor/wookie/html/images/skin-tools/slides/slide-01.jpg]
[softali.net/victor/wookie/html/css/style-skin-tools.css]
[softali.net/victor/wookie/html/images/skin-tools/slides/slide-02.jpg]
[softali.net/victor/wookie/html/images/skin-tools/btn-img01.jpg]
[softali.net/victor/wookie/html/images/skin-tools/btn-img02.jpg]
[softali.net/victor/wookie/html/images/skin-tools/btn-img03.jpg]
[softali.net/victor/wookie/html/images/skin-tools/btn-img04.jpg]
[softali.net/victor/wookie/html/images/skin-tools/product/product-03.jpg]
[softali.net/victor/wookie/html/images/skin-tools/product/product-07.jpg]
[softali.net/victor/wookie/html/images/skin-tools/product/product-04.jpg]
[softali.net/victor/wookie/html/images/skin-tools/product/product-02.jpg]
[softali.net/victor/wookie/html/images/skin-tools/product/product-05.jpg]
[softali.net/victor/wookie/html/images/skin-tools/img-01.jpg]
[softali.net/victor/wookie/html/index-skin-tools.html]
[softali.net/victor/wookie/html/css/style-skin-wallets.css]
[softali.net/victor/wookie/html/images/skin-wallets/logo.png]
[softali.net/victor/wookie/html/images/skin-wallets/product/product-01.jpg]
[softali.net/victor/wookie/html/images/skin-wallets/product/product-12.jpg]
[softali.net/victor/wookie/html/images/skin-wallets/product/product-09.jpg]
[softali.net/victor/wookie/html/images/skin-wallets/product/product-05.jpg]
[softali.net/victor/wookie/html/images/skin-wallets/product/product-06.jpg]
[softali.net/victor/wookie/html/images/skin-wallets/product/product-08.jpg]
[softali.net/victor/wookie/html/images/skin-wallets/product/product-02.jpg]
[softali.net/victor/wookie/html/images/skin-wallets/product/product-03.jpg]
[softali.net/victor/wookie/html/images/skin-wallets/product/product-15.jpg]
[softali.net/victor/wookie/html/images/skin-wallets/product/product-10.jpg]
[softali.net/victor/wookie/html/images/skin-wallets/product/product-07.jpg]
[softali.net/victor/wookie/html/index-skin-wallets.html]
[softali.net/victor/wookie/html/images/skin-watches/logo.png]
[softali.net/victor/wookie/html/css/style-skin-watches.css]
[softali.net/victor/wookie/html/images/skin-watches/slides/slide-01.jpg]
[softali.net/victor/wookie/html/images/skin-watches/portfolio-01.jpg]
[softali.net/victor/wookie/html/images/skin-watches/portfolio-02.jpg]
[softali.net/victor/wookie/html/images/skin-watches/portfolio-03.jpg]
[softali.net/victor/wookie/html/images/skin-watches/portfolio-04.jpg]
[softali.net/victor/wookie/html/images/skin-watches/portfolio-05.jpg]
[softali.net/victor/wookie/html/images/skin-watches/portfolio-06.jpg]
[softali.net/victor/wookie/html/index-skin-watches.html]
[softali.net/victor/wookie/html/images/skin-bicycle/logo.png]
[softali.net/victor/wookie/html/images/skin-bicycle/slides/slide-01.jpg]
[softali.net/victor/wookie/html/images/skin-bicycle/slides/slide-02.jpg]
[softali.net/victor/wookie/html/images/skin-bicycle/slides/slide-03.jpg]
[softali.net/victor/wookie/html/images/skin-bicycle/btn-img01.jpg]
[softali.net/victor/wookie/html/images/skin-bicycle/btn-img02.jpg]
[softali.net/victor/wookie/html/images/skin-bicycle/btn-img03.jpg]
[softali.net/victor/wookie/html/images/skin-bicycle/btn-img04.jpg]
[softali.net/victor/wookie/html/images/skin-bicycle/btn-img05.jpg]
[softali.net/victor/wookie/html/images/skin-bicycle/btn-img06.jpg]
[softali.net/victor/wookie/html/images/skin-bicycle/promo/promo-img-02.jpg]
[softali.net/victor/wookie/html/images/skin-bicycle/promo/promo-img-03.jpg]
[softali.net/victor/wookie/html/images/skin-bicycle/promo/promo-img-04.jpg]
[softali.net/victor/wookie/html/index-skin-bicycle.html]
[softali.net/victor/wookie/html/css/style-skin-bikes.css]
[softali.net/victor/wookie/html/images/skin-bikes/logo.png]
[softali.net/victor/wookie/html/images/loader-08.svg]
[softali.net/victor/wookie/html/images/skin-bikes/slides/slide-01.jpg]
[softali.net/victor/wookie/html/images/skin-bikes/slides/slide-02.jpg]
[softali.net/victor/wookie/html/images/skin-bikes/product/product-03.jpg]
[softali.net/victor/wookie/html/images/skin-bikes/product/product-03-02.jpg]
[softali.net/victor/wookie/html/images/skin-bikes/product/product-01.jpg]
[softali.net/victor/wookie/html/images/skin-bikes/product/product-01-02.jpg]
[softali.net/victor/wookie/html/images/skin-bikes/product/product-02.jpg]
[softali.net/victor/wookie/html/images/skin-bikes/product/product-02-02.jpg]
[softali.net/victor/wookie/html/images/skin-bikes/product/product-06.jpg]
[softali.net/victor/wookie/html/images/skin-bikes/product/product-07-02.jpg]
[softali.net/victor/wookie/html/images/skin-bikes/product/product-07.jpg]
[softali.net/victor/wookie/html/images/skin-bikes/product/product-05.jpg]
[softali.net/victor/wookie/html/images/skin-bikes/product/product-05-02.jpg]
[softali.net/victor/wookie/html/images/skin-bikes/product/product-14-02.jpg]
[softali.net/victor/wookie/html/images/skin-bikes/product/product-14.jpg]
[softali.net/victor/wookie/html/images/skin-bikes/promo/index-promo-img-05.jpg]
[softali.net/victor/wookie/html/index-skin-bikes.html]
[softali.net/victor/wookie/html/css/style-skin-books.css]
[softali.net/victor/wookie/html/images/skin-books/logo.png]
[softali.net/victor/wookie/html/images/skin-books/slides/slide-01.jpg]
[softali.net/victor/wookie/html/images/skin-books/slides/slide-02.jpg]
[softali.net/victor/wookie/html/images/skin-books/slides/slide-03.jpg]
[softali.net/victor/wookie/html/images/skin-books/product/product-01.jpg]
[softali.net/victor/wookie/html/images/skin-books/product/product-02.jpg]
[softali.net/victor/wookie/html/images/skin-books/product/product-03.jpg]
[softali.net/victor/wookie/html/images/skin-books/product/product-04.jpg]
[softali.net/victor/wookie/html/images/skin-books/product/product-05.jpg]
[softali.net/victor/wookie/html/images/skin-books/product/product-12.jpg]
[softali.net/victor/wookie/html/images/skin-books/product/product-13.jpg]
[softali.net/victor/wookie/html/images/skin-books/product/product-14.jpg]
[softali.net/victor/wookie/html/images/skin-books/product/product-15.jpg]
[softali.net/victor/wookie/html/images/skin-books/product/product-07.jpg]
[softali.net/victor/wookie/html/images/skin-books/product/product-08.jpg]
[softali.net/victor/wookie/html/images/skin-books/product/product-09.jpg]
[softali.net/victor/wookie/html/images/skin-books/product/product-10.jpg]
[softali.net/victor/wookie/html/images/skin-books/product/product-11.jpg]
[softali.net/victor/wookie/html/index-skin-books.html]
[softali.net/victor/wookie/html/css/style-skin-carsshop.css]
[softali.net/victor/wookie/html/images/skin-carsshop/logo.png]
[softali.net/victor/wookie/html/images/skin-carsshop/product/product-01.jpg]
[softali.net/victor/wookie/html/images/skin-carsshop/product/product-02.jpg]
[softali.net/victor/wookie/html/images/skin-carsshop/product/product-04.jpg]
[softali.net/victor/wookie/html/images/skin-carsshop/product/product-05.jpg]
[softali.net/victor/wookie/html/images/custom/header-promo-02.jpg]
[softali.net/victor/wookie/html/images/skin-carsshop/slides/slide-01.jpg]
[softali.net/victor/wookie/html/images/skin-carsshop/slides/slide-02.jpg]
[softali.net/victor/wookie/html/images/skin-carsshop/slides/slide-03.jpg]
[softali.net/victor/wookie/html/images/skin-carsshop/btn-img01.png]
[softali.net/victor/wookie/html/images/skin-carsshop/btn-img02.png]
[softali.net/victor/wookie/html/images/skin-carsshop/btn-img03.png]
[softali.net/victor/wookie/html/images/skin-carsshop/btn-img04.png]
[softali.net/victor/wookie/html/images/skin-carsshop/btn-img05.png]
[softali.net/victor/wookie/html/images/skin-carsshop/btn-img06.png]
[softali.net/victor/wookie/html/images/skin-carsshop/btn-img07.png]
[softali.net/victor/wookie/html/images/skin-carsshop/btn-img08.png]
[softali.net/victor/wookie/html/images/skin-carsshop/promo/skin-carsshop-img02.jpg]
[softali.net/victor/wookie/html/images/skin-carsshop/promo/skin-carsshop-img03.jpg]
[softali.net/victor/wookie/html/images/skin-carsshop/product/product-09.jpg]
[softali.net/victor/wookie/html/index-skin-carsshop.html]
[softali.net/victor/wookie/html/css/style-skin-clothes.css]
[softali.net/victor/wookie/html/images/skin-clothes/logo.png]
[softali.net/victor/wookie/html/images/skin-clothes/slides/img-01.jpg]
[softali.net/victor/wookie/html/images/skin-clothes/slides/img-02.jpg]
[softali.net/victor/wookie/html/images/skin-clothes/slides/img-03.jpg]
[softali.net/victor/wookie/html/images/skin-clothes/product/product-01.jpg]
[softali.net/victor/wookie/html/images/skin-clothes/product/product-01-02.jpg]
[softali.net/victor/wookie/html/images/skin-clothes/product/product-02.jpg]
[softali.net/victor/wookie/html/images/skin-clothes/product/product-02-02.jpg]
[softali.net/victor/wookie/html/images/skin-clothes/product/product-03.jpg]
[softali.net/victor/wookie/html/images/skin-clothes/product/product-03-02.jpg]
[softali.net/victor/wookie/html/images/skin-clothes/product/product-04.jpg]
[softali.net/victor/wookie/html/images/skin-clothes/product/product-04-02.jpg]
[softali.net/victor/wookie/html/images/skin-clothes/product/product-05.jpg]
[softali.net/victor/wookie/html/images/skin-clothes/product/product-05-02.jpg]
[softali.net/victor/wookie/html/images/skin-clothes/img-05.jpg]
[softali.net/victor/wookie/html/index-skin-clothes.html]
[softali.net/victor/wookie/html/css/index-skin-cosmetics.css]
[softali.net/victor/wookie/html/images/skin-cosmetics/logo.png]
[softali.net/victor/wookie/html/images/loader-06.svg]
[softali.net/victor/wookie/html/images/skin-cosmetics/product/product-01.jpg]
[softali.net/victor/wookie/html/images/skin-cosmetics/product/product-02.jpg]
[softali.net/victor/wookie/html/images/skin-cosmetics/product/product-04.jpg]
[softali.net/victor/wookie/html/images/skin-cosmetics/product/product-05.jpg]
[softali.net/victor/wookie/html/images/loader-01.svg]
[softali.net/victor/wookie/html/images/skin-cosmetics/promo/promo-img-05.jpg]
[softali.net/victor/wookie/html/index-skin-cosmetics.html]
[softali.net/victor/wookie/html/images/skin-food02/logo.png]
[softali.net/victor/wookie/html/css/style-skin-food02.css]
[softali.net/victor/wookie/html/images/skin-food02/product/product-01.jpg]
[softali.net/victor/wookie/html/images/skin-food02/product/product-02.jpg]
[softali.net/victor/wookie/html/images/skin-food02/product/product-04.jpg]
[softali.net/victor/wookie/html/images/skin-food02/product/product-05.jpg]
[softali.net/victor/wookie/html/images/skin-food02/mainpromo-img-01.jpg]
[softali.net/victor/wookie/html/images/skin-food02/promo-img-07.jpg]
[softali.net/victor/wookie/html/images/skin-food02/promo-img-08.jpg]
[softali.net/victor/wookie/html/index-skin-food-02.html]
[softali.net/victor/wookie/html/css/style-skin-electronics.css]
[softali.net/victor/wookie/html/images/skin-electronics/logo.png]
[softali.net/victor/wookie/html/images/skin-electronics/slides/slide-01.png]
[softali.net/victor/wookie/html/images/skin-electronics/slides/slide-02.png]
[softali.net/victor/wookie/html/images/skin-electronics/slides/slide-03.png]
[softali.net/victor/wookie/html/images/skin-electronics/btn-img01.svg]
[softali.net/victor/wookie/html/images/skin-electronics/btn-img02.svg]
[softali.net/victor/wookie/html/images/skin-electronics/btn-img03.svg]
[softali.net/victor/wookie/html/images/skin-electronics/btn-img04.svg]
[softali.net/victor/wookie/html/images/skin-electronics/btn-img05.svg]
[softali.net/victor/wookie/html/images/skin-electronics/btn-img06.svg]
[softali.net/victor/wookie/html/images/skin-electronics/btn-img07.svg]
[softali.net/victor/wookie/html/images/skin-electronics/btn-img08.svg]
[softali.net/victor/wookie/html/index-skin-electronics.html]
[softali.net/victor/wookie/html/images/skin-electronics/btn-img09.svg]
[softali.net/victor/wookie/html/images/skin-furniture/logo-dark.png]
[softali.net/victor/wookie/html/css/style-skin-furniture.css]
[softali.net/victor/wookie/html/images/skin-furniture/logo.png]
[softali.net/victor/wookie/html/images/skin-furniture/slides/video_img.jpg]
[softali.net/victor/wookie/html/images/skin-furniture/slides/video.mp4]
[softali.net/victor/wookie/html/images/loader-furniture.svg]
[softali.net/victor/wookie/html/images/skin-furniture/product/product-01.png]
[softali.net/victor/wookie/html/images/skin-furniture/product/product-01-02.png]
[softali.net/victor/wookie/html/images/skin-furniture/product/product-12.png]
[softali.net/victor/wookie/html/images/skin-furniture/product/product-03.png]
[softali.net/victor/wookie/html/images/skin-furniture/product/product-04.png]
[softali.net/victor/wookie/html/images/skin-furniture/product/product-05.png]
[softali.net/victor/wookie/html/images/skin-furniture/product/product-06.png]
[softali.net/victor/wookie/html/images/skin-furniture/product/product-09.png]
[softali.net/victor/wookie/html/images/skin-furniture/product/product-10.png]
[softali.net/victor/wookie/html/images/skin-furniture/product/product-11.png]
[softali.net/victor/wookie/html/images/skin-furniture/product/product-13.png]
[softali.net/victor/wookie/html/images/skin-furniture/product/product-15.png]
[softali.net/victor/wookie/html/images/skin-furniture/product/product-08.png]
[softali.net/victor/wookie/html/images/skin-furniture/product/product-16.png]
[softali.net/victor/wookie/html/images/skin-furniture/product/product-02.png]
[softali.net/victor/wookie/html/images/skin-furniture/product/product-07.png]
[softali.net/victor/wookie/html/index-skin-furniture.html]
[softali.net/victor/wookie/html/css/style-skin-glasses.css]
[softali.net/victor/wookie/html/images/skin-glasses/logo.png]
[softali.net/victor/wookie/html/images/skin-glasses/product/product-01.jpg]
[softali.net/victor/wookie/html/images/skin-glasses/product/product-02.jpg]
[softali.net/victor/wookie/html/images/skin-glasses/product/product-04.jpg]
[softali.net/victor/wookie/html/images/skin-glasses/product/product-05.jpg]
[softali.net/victor/wookie/html/images/skin-glasses/product/product-01-02.jpg]
[softali.net/victor/wookie/html/images/skin-glasses/product/product-02-02.jpg]
[softali.net/victor/wookie/html/images/skin-glasses/product/product-03.jpg]
[softali.net/victor/wookie/html/images/skin-glasses/product/product-03-02.jpg]
[softali.net/victor/wookie/html/images/skin-glasses/product/product-10.jpg]
[softali.net/victor/wookie/html/images/skin-glasses/product/product-10-02.jpg]
[softali.net/victor/wookie/html/images/skin-glasses/product/product-05-02.jpg]
[softali.net/victor/wookie/html/images/skin-glasses/product/product-06.jpg]
[softali.net/victor/wookie/html/images/skin-glasses/product/product-06-02.jpg]
[softali.net/victor/wookie/html/images/skin-glasses/product/product-07.jpg]
[softali.net/victor/wookie/html/images/skin-glasses/product/product-07-02.jpg]
[softali.net/victor/wookie/html/images/skin-glasses/product/product-08.jpg]
[softali.net/victor/wookie/html/images/skin-glasses/product/product-08-02.jpg]
[softali.net/victor/wookie/html/index-skin-glasses.html]
[softali.net/victor/wookie/html/images/skin-gothic/logo.png]
[softali.net/victor/wookie/html/css/style-skin-gothic.css]
[softali.net/victor/wookie/html/images/skin-gothic/product/product-01.jpg]
[softali.net/victor/wookie/html/images/skin-gothic/product/product-02.jpg]
[softali.net/victor/wookie/html/images/skin-gothic/product/product-04.jpg]
[softali.net/victor/wookie/html/images/skin-gothic/product/product-05.jpg]
[softali.net/victor/wookie/html/images/skin-gothic/portfolio-01.jpg]
[softali.net/victor/wookie/html/images/skin-gothic/portfolio-02.jpg]
[softali.net/victor/wookie/html/images/skin-gothic/portfolio-03.jpg]
[softali.net/victor/wookie/html/images/skin-gothic/portfolio-04.jpg]
[softali.net/victor/wookie/html/images/skin-gothic/portfolio-05.jpg]
[softali.net/victor/wookie/html/images/skin-gothic/portfolio-06.jpg]
[softali.net/victor/wookie/html/images/skin-gothic/portfolio-07.jpg]
[softali.net/victor/wookie/html/images/skin-gothic/portfolio-08.jpg]
[softali.net/victor/wookie/html/images/skin-gothic/portfolio-09.jpg]
[softali.net/victor/wookie/html/images/skin-gothic/portfolio-10.jpg]
[softali.net/victor/wookie/html/images/skin-gothic/portfolio-11.jpg]
[softali.net/victor/wookie/html/images/skin-gothic/portfolio-12.jpg]
[softali.net/victor/wookie/html/index-skin-gothic.html]
[softali.net/victor/wookie/html/images/skin-jewerly/logo.png]
[softali.net/victor/wookie/html/images/skin-jewerly/product/product-01.jpg]
[softali.net/victor/wookie/html/css/style-skin-jewerly.css]
[softali.net/victor/wookie/html/images/skin-jewerly/product/product-02.jpg]
[softali.net/victor/wookie/html/images/skin-jewerly/product/product-04.jpg]
[softali.net/victor/wookie/html/images/skin-jewerly/product/product-05.jpg]
[softali.net/victor/wookie/html/images/skin-jewerly/product/product-01-02.jpg]
[softali.net/victor/wookie/html/images/skin-jewerly/product/product-02-02.jpg]
[softali.net/victor/wookie/html/images/skin-jewerly/product/product-03.jpg]
[softali.net/victor/wookie/html/images/skin-jewerly/product/product-03-02.jpg]
[softali.net/victor/wookie/html/images/skin-jewerly/product/product-04-02.jpg]
[softali.net/victor/wookie/html/images/skin-jewerly/product/product-05-02.jpg]
[softali.net/victor/wookie/html/index-skin-jewerly.html]
[softali.net/victor/wookie/html/images/skin-kids/logo.png]
[softali.net/victor/wookie/html/css/style-skin-kids-clothes.css]
[softali.net/victor/wookie/html/images/skin-kids/product/product-01.jpg]
[softali.net/victor/wookie/html/images/skin-kids/product/product-02.jpg]
[softali.net/victor/wookie/html/images/skin-kids/product/product-04.jpg]
[softali.net/victor/wookie/html/images/skin-kids/product/product-05.jpg]
[softali.net/victor/wookie/html/images/skin-kids/product/product-02-02.jpg]
[softali.net/victor/wookie/html/images/skin-kids/product/product-04-02.jpg]
[softali.net/victor/wookie/html/images/skin-kids/product/product-03.jpg]
[softali.net/victor/wookie/html/images/skin-kids/product/product-03-02.jpg]
[softali.net/victor/wookie/html/images/skin-kids/product/product-08.jpg]
[softali.net/victor/wookie/html/images/skin-kids/product/product-08-02.jpg]
[softali.net/victor/wookie/html/images/skin-kids/product/product-07.jpg]
[softali.net/victor/wookie/html/images/skin-kids/product/product-07-02.jpg]
[softali.net/victor/wookie/html/index-skin-kids-clothes.html]
[softali.net/victor/wookie/html/images/skin-toys/logo.png]
[softali.net/victor/wookie/html/css/style-skin-toys.css]
[softali.net/victor/wookie/html/images/skin-toys/product/product-01.jpg]
[softali.net/victor/wookie/html/images/skin-toys/product/product-01-02.jpg]
[softali.net/victor/wookie/html/images/skin-toys/product/product-02.jpg]
[softali.net/victor/wookie/html/images/skin-toys/product/product-02-02.jpg]
[softali.net/victor/wookie/html/images/skin-toys/product/product-03.jpg]
[softali.net/victor/wookie/html/images/skin-toys/product/product-03-02.jpg]
[softali.net/victor/wookie/html/images/skin-toys/product/product-04.jpg]
[softali.net/victor/wookie/html/images/skin-toys/product/product-05-02.jpg]
[softali.net/victor/wookie/html/images/skin-toys/product/product-05.jpg]
[softali.net/victor/wookie/html/images/skin-toys/product/product-06.jpg]
[softali.net/victor/wookie/html/images/skin-toys/product/product-06-02.jpg]
[softali.net/victor/wookie/html/images/skin-toys/product/product-07.jpg]
[softali.net/victor/wookie/html/images/skin-toys/product/product-07-02.jpg]
[softali.net/victor/wookie/html/images/skin-toys/product/product-08.jpg]
[softali.net/victor/wookie/html/images/skin-toys/product/product-08-02.jpg]
[softali.net/victor/wookie/html/images/skin-toys/product/product-09.jpg]
[softali.net/victor/wookie/html/images/skin-toys/product/product-09-02.jpg]
[softali.net/victor/wookie/html/images/skin-toys/product/product-10.jpg]
[softali.net/victor/wookie/html/images/skin-toys/product/product-10-02.jpg]
[softali.net/victor/wookie/html/images/skin-toys/product/product-11-02.jpg]
[softali.net/victor/wookie/html/images/skin-toys/product/product-11.jpg]
[softali.net/victor/wookie/html/images/skin-toys/product/product-12.jpg]
[softali.net/victor/wookie/html/images/skin-toys/product/product-12-02.jpg]
[softali.net/victor/wookie/html/images/skin-toys/product/product-13.jpg]
[softali.net/victor/wookie/html/images/skin-toys/product/product-13-02.jpg]
[softali.net/victor/wookie/html/images/skin-toys/product/product-15.jpg]
[softali.net/victor/wookie/html/images/skin-toys/product/product-15-02.jpg]
[softali.net/victor/wookie/html/images/skin-toys/product/product-16.jpg]
[softali.net/victor/wookie/html/images/skin-toys/product/product-16-02.jpg]
[softali.net/victor/wookie/html/images/skin-toys/product/product-17.jpg]
[softali.net/victor/wookie/html/images/skin-toys/product/product-17-02.jpg]
[softali.net/victor/wookie/html/images/skin-toys/product/product-18.jpg]
[softali.net/victor/wookie/html/images/skin-toys/product/product-18-02.jpg]
[softali.net/victor/wookie/html/images/skin-toys/product/product-19-02.jpg]
[softali.net/victor/wookie/html/images/skin-toys/product/product-19.jpg]
[softali.net/victor/wookie/html/index-skin-toys.html]
[softali.net/victor/wookie/html/images/skin-lingerie/logo.png]
[softali.net/victor/wookie/html/css/style-skin-lingerie.css]
[softali.net/victor/wookie/html/images/skin-lingerie/product/product-04.jpg]
[softali.net/victor/wookie/html/images/skin-lingerie/product/product-06.jpg]
[softali.net/victor/wookie/html/images/skin-lingerie/product/product-05.jpg]
[softali.net/victor/wookie/html/images/skin-lingerie/product/product-07.jpg]
[softali.net/victor/wookie/html/images/skin-lingerie/product/product-08.jpg]
[softali.net/victor/wookie/html/index-skin-lingerie.html]
[softali.net/victor/wookie/html/images/skin-medical/logo.png]
[softali.net/victor/wookie/html/images/skin-medical/product/product-01.jpg]
[softali.net/victor/wookie/html/css/style-skin-medical.css]
[softali.net/victor/wookie/html/images/skin-medical/product/product-02.jpg]
[softali.net/victor/wookie/html/images/skin-medical/product/product-04.jpg]
[softali.net/victor/wookie/html/images/skin-medical/product/product-05.jpg]
[softali.net/victor/wookie/html/index-skin-medical.html]
[softali.net/victor/wookie/html/images/skin-one-product03/logo.png]
[softali.net/victor/wookie/html/images/skin-one-product03/img-01.jpg]
[softali.net/victor/wookie/html/css/style-skin-oneproducts03.css]
[softali.net/victor/wookie/html/images/skin-one-product03/img-02.jpg]
[softali.net/victor/wookie/html/images/skin-one-product03/img-03.jpg]
[softali.net/victor/wookie/html/images/skin-one-product03/img-04.jpg]
[softali.net/victor/wookie/html/images/skin-one-product03/img-05.jpg]
[softali.net/victor/wookie/html/images/skin-one-product03/img-06.jpg]
[softali.net/victor/wookie/html/images/skin-one-product03/img-07.jpg]
[softali.net/victor/wookie/html/images/skin-one-product03/img-08.jpg]
[softali.net/victor/wookie/html/images/skin-one-product03/portfolio-01.jpg]
[softali.net/victor/wookie/html/images/skin-one-product03/portfolio-02.jpg]
[softali.net/victor/wookie/html/images/skin-one-product03/portfolio-03.jpg]
[softali.net/victor/wookie/html/images/skin-one-product03/portfolio-04.jpg]
[softali.net/victor/wookie/html/images/skin-one-product03/portfolio-05.jpg]
[softali.net/victor/wookie/html/images/skin-one-product03/portfolio-06.jpg]
[softali.net/victor/wookie/html/index-skin-oneproducts03.html]
[softali.net/victor/wookie/html/separate-include/single-product/single-product.js]
[softali.net/victor/wookie/html/css/style-skin-phones.css]
[softali.net/victor/wookie/html/images/skin-phones/logo.png]
[softali.net/victor/wookie/html/images/skin-phones/promo/index-promo-img-01.jpg]
[softali.net/victor/wookie/html/images/skin-phones/product/product-01.jpg]
[softali.net/victor/wookie/html/images/skin-phones/product/product-01-02.jpg]
[softali.net/victor/wookie/html/images/skin-phones/product/product-02.jpg]
[softali.net/victor/wookie/html/images/skin-phones/product/product-02-02.jpg]
[softali.net/victor/wookie/html/images/skin-phones/product/product-03.jpg]
[softali.net/victor/wookie/html/images/skin-phones/product/product-03-02.jpg]
[softali.net/victor/wookie/html/images/skin-phones/product/product-04.jpg]
[softali.net/victor/wookie/html/images/skin-phones/product/product-04-02.jpg]
[softali.net/victor/wookie/html/images/skin-phones/product/product-05.jpg]
[softali.net/victor/wookie/html/images/skin-phones/product/product-05-02.jpg]
[softali.net/victor/wookie/html/index-skin-phones.html]
[softali.net/victor/wookie/html/css/style-skin-phone-cases.css]
[softali.net/victor/wookie/html/images/skin-phone-cases/logo.png]
[softali.net/victor/wookie/html/images/skin-phone-cases/slides/slide-01.jpg]
[softali.net/victor/wookie/html/images/skin-phone-cases/slides/slide-02.jpg]
[softali.net/victor/wookie/html/index-skin-phone-cases.html]
[softali.net/victor/wookie/html/css/style-skin-snowboards.css]
[softali.net/victor/wookie/html/images/skin-snowboards/logo.png]
[softali.net/victor/wookie/html/images/skin-snowboards/slides/slide-01.jpg]
[softali.net/victor/wookie/html/images/skin-snowboards/slides/slide-02.jpg]
[softali.net/victor/wookie/html/images/skin-snowboards/video/video_img.jpg]
[softali.net/victor/wookie/html/images/skin-snowboards/video/video.mp4]
[softali.net/victor/wookie/html/images/skin-snowboards/product/product-03.jpg]
[softali.net/victor/wookie/html/images/skin-snowboards/product/product-03-03.jpg]
[softali.net/victor/wookie/html/images/skin-snowboards/product/product-04.jpg]
[softali.net/victor/wookie/html/images/skin-snowboards/product/product-04-02.jpg]
[softali.net/victor/wookie/html/images/skin-snowboards/product/product-06-03.jpg]
[softali.net/victor/wookie/html/images/skin-snowboards/product/product-06.jpg]
[softali.net/victor/wookie/html/images/skin-snowboards/product/product-07-08.jpg]
[softali.net/victor/wookie/html/images/skin-snowboards/product/product-07-06.jpg]
[softali.net/victor/wookie/html/images/skin-snowboards/product/product-21-02.jpg]
[softali.net/victor/wookie/html/images/skin-snowboards/product/product-21-04.jpg]
[softali.net/victor/wookie/html/images/skin-snowboards/product/product-10.jpg]
[softali.net/victor/wookie/html/images/skin-snowboards/product/product-10-02.jpg]
[softali.net/victor/wookie/html/images/skin-snowboards/product/product-18-06.jpg]
[softali.net/victor/wookie/html/images/skin-snowboards/product/product-18.jpg]
[softali.net/victor/wookie/html/images/skin-snowboards/promo/index-promo-img-08.jpg]
[softali.net/victor/wookie/html/images/skin-snowboards/product/product-14-07.jpg]
[softali.net/victor/wookie/html/images/skin-snowboards/product/product-14-04.jpg]
[softali.net/victor/wookie/html/images/skin-snowboards/product/product-15-03.jpg]
[softali.net/victor/wookie/html/images/skin-snowboards/product/product-15-05.jpg]
[softali.net/victor/wookie/html/images/skin-snowboards/product/product-16.jpg]
[softali.net/victor/wookie/html/images/skin-snowboards/product/product-16-04.jpg]
[softali.net/victor/wookie/html/images/skin-snowboards/product/product-24.jpg]
[softali.net/victor/wookie/html/images/skin-snowboards/product/product-24-03.jpg]
[softali.net/victor/wookie/html/images/skin-snowboards/product/product-23-03.jpg]
[softali.net/victor/wookie/html/images/skin-snowboards/product/product-23-02.jpg]
[softali.net/victor/wookie/html/images/skin-snowboards/product/product-27.jpg]
[softali.net/victor/wookie/html/images/skin-snowboards/product/product-27-02.jpg]
[softali.net/victor/wookie/html/images/skin-snowboards/product/product-08-02.jpg]
[softali.net/victor/wookie/html/images/skin-snowboards/product/product-08.jpg]
[softali.net/victor/wookie/html/index-skin-snowboards.html]
[softali.net/victor/wookie/html/images/skin-weapons/logo.png]
[softali.net/victor/wookie/html/images/skin-weapons/product/product-01.jpg]
[softali.net/victor/wookie/html/css/style-skin-weapons.css]
[softali.net/victor/wookie/html/images/skin-weapons/product/product-02.jpg]
[softali.net/victor/wookie/html/images/skin-weapons/product/product-04.jpg]
[softali.net/victor/wookie/html/images/skin-weapons/product/product-05.jpg]
[softali.net/victor/wookie/html/images/skin-weapons/slides/slide-01.jpg]
[softali.net/victor/wookie/html/index-skin-weapons.html]
[softali.net/victor/wookie/html/images/skin-yoga/logo.png]
[softali.net/victor/wookie/html/images/skin-yoga/product/product-01.jpg]
[softali.net/victor/wookie/html/images/skin-yoga/product/product-02.jpg]
[softali.net/victor/wookie/html/images/skin-yoga/product/product-04.jpg]
[softali.net/victor/wookie/html/css/style-skin-yoga.css]
[softali.net/victor/wookie/html/images/skin-yoga/product/product-05.jpg]
[softali.net/victor/wookie/html/images/skin-yoga/product/product-01-02.jpg]
[softali.net/victor/wookie/html/images/skin-yoga/product/product-02-02.jpg]
[softali.net/victor/wookie/html/images/skin-yoga/product/product-03.jpg]
[softali.net/victor/wookie/html/images/skin-yoga/product/product-03-02.jpg]
[softali.net/victor/wookie/html/images/skin-yoga/product/product-04-02.jpg]
[softali.net/victor/wookie/html/images/skin-yoga/product/product-05-02.jpg]
[softali.net/victor/wookie/html/images/skin-yoga/product/product-06.jpg]
[softali.net/victor/wookie/html/images/skin-yoga/product/product-06-02.jpg]
[softali.net/victor/wookie/html/images/skin-yoga/product/product-07.jpg]
[softali.net/victor/wookie/html/images/skin-yoga/product/product-07-02.jpg]
[softali.net/victor/wookie/html/images/skin-yoga/product/product-08.jpg]
[softali.net/victor/wookie/html/images/skin-yoga/product/product-08-02.jpg]
[softali.net/victor/wookie/html/index-skin-yoga.html]
[softali.net/victor/wookie/html/images/custom/texture-img-01.jpg]
[softali.net/victor/wookie/html/images/custom/listing_promo_img_07.jpg]
[softali.net/victor/wookie/html/listing-left-column.html]
[softali.net/victor/wookie/html/separate-include/listing/listing.js]
[softali.net/victor/wookie/html/images/product/product-01.jpg]
[softali.net/victor/wookie/html/images/product/product-02.jpg]
[softali.net/victor/wookie/html/images/product/product-02-02.jpg]
[softali.net/victor/wookie/html/images/product/product-03.jpg]
[softali.net/victor/wookie/html/images/product/product-03-02.jpg]
[softali.net/victor/wookie/html/listing-right-column.html]
[softali.net/victor/wookie/html/listing-not-sidebar.html]
[softali.net/victor/wookie/html/listing-not-sidebar-full-width.html]
[softali.net/victor/wookie/html/images/product/product-14.jpg]
[softali.net/victor/wookie/html/images/custom/texture-img-06.jpg]
[softali.net/victor/wookie/html/images/custom/texture-img-07.jpg]
[softali.net/victor/wookie/html/images/custom/texture-img-08.jpg]
[softali.net/victor/wookie/html/images/product/product-45.jpg]
[softali.net/victor/wookie/html/images/product/product-18.jpg]
[softali.net/victor/wookie/html/images/product/product-21.jpg]
[softali.net/victor/wookie/html/images/product/product-46.jpg]
[softali.net/victor/wookie/html/images/product/product-22.jpg]
[softali.net/victor/wookie/html/images/product/product-31.jpg]
[softali.net/victor/wookie/html/images/product/product-23.jpg]
[softali.net/victor/wookie/html/images/product/product-24.jpg]
[softali.net/victor/wookie/html/listing-metro.html]
[softali.net/victor/wookie/html/listing-left-column-with-block.html]
[softali.net/victor/wookie/html/listing-collection.html]
[softali.net/victor/wookie/html/images/lookbook/lookbook-01.jpg]
[softali.net/victor/wookie/html/images/lookbook/lookbook-02.jpg]
[softali.net/victor/wookie/html/images/lookbook/lookbook-03.jpg]
[softali.net/victor/wookie/html/lookbook.html]
[cdnjs.cloudflare.com/ajax/libs/fotorama/4.6.4/fotorama.css]
[softali.net/victor/wookie/html/images/product/product-01-03.jpg]
[softali.net/victor/wookie/html/images/product/product-01-04.jpg]
[softali.net/victor/wookie/html/images/product/product-small-empty.png]
[softali.net/victor/wookie/html/product.html]
[cdnjs.cloudflare.com/ajax/libs/fotorama/4.6.4/fotorama.js]
[softali.net/victor/wookie/html/images/product/product-41.jpg]
[softali.net/victor/wookie/html/images/product/product-41-01.jpg]
[softali.net/victor/wookie/html/images/product/product-41-02.jpg]
[softali.net/victor/wookie/html/images/product/product-41-03.jpg]
[softali.net/victor/wookie/html/product-02.html]
[softali.net/victor/wookie/html/images/product/product-32-01.jpg]
[softali.net/victor/wookie/html/images/product/product-32-03.jpg]
[softali.net/victor/wookie/html/external/air-sticky/air-sticky-block.min.js]
[softali.net/victor/wookie/html/product-03.html]
[softali.net/victor/wookie/html/images/product/product-03-03.jpg]
[softali.net/victor/wookie/html/images/product/product-03-04.jpg]
[softali.net/victor/wookie/html/product-04.html]
[softali.net/victor/wookie/html/images/custom/texture-img-02.jpg]
[softali.net/victor/wookie/html/images/custom/texture-img-03.jpg]
[softali.net/victor/wookie/html/images/custom/texture-img-04.jpg]
[softali.net/victor/wookie/html/images/custom/texture-img-05.jpg]
[softali.net/victor/wookie/html/images/custom/tt-promo-brand-desctop.png]
[softali.net/victor/wookie/html/images/custom/tt-promo-brand-mobile.png]
[softali.net/victor/wookie/html/product-variable.html]
[softali.net/victor/wookie/html/product-three-columns.html]
[softali.net/victor/wookie/html/images/product/product-06.jpg]
[softali.net/victor/wookie/html/images/product/product-06-02.jpg]
[softali.net/victor/wookie/html/images/product/product-06-03.jpg]
[softali.net/victor/wookie/html/images/product/product-06-04.jpg]
[softali.net/victor/wookie/html/product-label-new.html]
[softali.net/victor/wookie/html/images/product/product-08.jpg]
[softali.net/victor/wookie/html/images/product/product-08-02.jpg]
[softali.net/victor/wookie/html/images/product/product-08-03.jpg]
[softali.net/victor/wookie/html/images/product/product-08-04.jpg]
[softali.net/victor/wookie/html/product-label-sale.html]
[softali.net/victor/wookie/html/images/product/product-07.jpg]
[softali.net/victor/wookie/html/images/product/product-07-02.jpg]
[softali.net/victor/wookie/html/images/product/product-07-03.jpg]
[softali.net/victor/wookie/html/product-label-out-of-stock.html]
[softali.net/victor/wookie/html/shopping_cart_02.html]
[softali.net/victor/wookie/html/shopping_cart_01.html]
[softali.net/victor/wookie/html/account.html]
[softali.net/victor/wookie/html/account_address.html]
[softali.net/victor/wookie/html/account_address_fields.html]
[softali.net/victor/wookie/html/images/blog/blog-post-img-06.jpg]
[softali.net/victor/wookie/html/images/blog/blog-post-img-02.jpg]
[softali.net/victor/wookie/html/images/blog/blog-post-img-03.jpg]
[softali.net/victor/wookie/html/sound/sound.mp3]
[softali.net/victor/wookie/html/blog-listing-without-col.html]
[softali.net/victor/wookie/html/separate-include/blog/blog.js]
[softali.net/victor/wookie/html/blog-listing-col-left.html]
[softali.net/victor/wookie/html/blog-listing-col-right.html]
[softali.net/victor/wookie/html/external/bootstrap-datepicker/bootstrap-datepicker.js]
[softali.net/victor/wookie/html/images/blog/masonry/masonry-img-01.jpg]
[softali.net/victor/wookie/html/images/blog/masonry/masonry-img-02.jpg]
[softali.net/victor/wookie/html/images/blog/masonry/masonry-img-03.jpg]
[softali.net/victor/wookie/html/images/blog/masonry/masonry-img-06.jpg]
[softali.net/victor/wookie/html/images/blog/masonry/masonry-img-04.jpg]
[softali.net/victor/wookie/html/blog-masonry-col-2.html]
[softali.net/victor/wookie/html/images/blog/masonry/masonry-img-05.jpg]
[softali.net/victor/wookie/html/blog-masonry-col-3.html]
[softali.net/victor/wookie/html/blog-masonry-col-3-filter.html]
[softali.net/victor/wookie/html/images/blog/comments-img-01.jpg]
[softali.net/victor/wookie/html/blog-single-post.html]
[softali.net/victor/wookie/html/images/blog/blog-post-img-08.jpg]
[softali.net/victor/wookie/html/images/blog/blog-post-img-09.jpg]
[softali.net/victor/wookie/html/images/blog/blog-post-img-10.jpg]
[softali.net/victor/wookie/html/blog-single-post-gallery.html]
[softali.net/victor/wookie/html/blog-single-post-link.html]
[softali.net/victor/wookie/html/blog-single-post-quote.html]
[softali.net/victor/wookie/html/blog-single-post-video.html]
[softali.net/victor/wookie/html/blog-single-post-audio.html]
[softali.net/victor/wookie/html/images/portfolio/portfolio-col-grid-four-img-01.jpg]
[softali.net/victor/wookie/html/images/portfolio/portfolio-col-grid-four-img-02.jpg]
[softali.net/victor/wookie/html/images/portfolio/portfolio-col-grid-four-img-03.jpg]
[softali.net/victor/wookie/html/images/portfolio/portfolio-col-grid-four-img-04.jpg]
[softali.net/victor/wookie/html/images/portfolio/portfolio-col-grid-four-img-05.jpg]
[softali.net/victor/wookie/html/images/portfolio/portfolio-col-grid-four-img-07.jpg]
[softali.net/victor/wookie/html/images/portfolio/portfolio-col-grid-four-img-08.jpg]
[softali.net/victor/wookie/html/images/portfolio/portfolio-col-grid-four-img-06.jpg]
[softali.net/victor/wookie/html/portfolio-col-grid-four.html]
[softali.net/victor/wookie/html/portfolio-col-grid-two.html]
[softali.net/victor/wookie/html/portfolio-col-grid-three.html]
[softali.net/victor/wookie/html/portfolio-col-grid-four-without-filter.html]
[softali.net/victor/wookie/html/portfolio-col-wide-three.html]
[softali.net/victor/wookie/html/portfolio-col-wide-two.html]
[softali.net/victor/wookie/html/portfolio-col-wide-four.html]
[softali.net/victor/wookie/html/images/custom/about-img-01.jpg]
[softali.net/victor/wookie/html/about.html]
[softali.net/victor/wookie/html/about-02.html]
[softali.net/victor/wookie/html/contact.html]
[softali.net/victor/wookie/html/contact-02.html]
[softali.net/victor/wookie/html/services.html]
[softali.net/victor/wookie/html/faq.html]
[softali.net/victor/wookie/html/coming-soon.html]
[softali.net/victor/wookie/html/page404.html]
[softali.net/victor/wookie/html/typography.html]
[softali.net/victor/wookie/html/images/custom/gift-img-01.png]
[softali.net/victor/wookie/html/gift-cart.html]
[softali.net/victor/wookie/html/demo-modal.html]
[softali.net/victor/wookie/html/demo-modal-black_friday.html]
[softali.net/victor/wookie/html/demo-modal-cyber_monday.html]
[softali.net/victor/wookie/html/images/custom/modal-newsletter05_bg.png]
[softali.net/victor/wookie/html/images/custom/modal-newsletter05_img.png]
[softali.net/victor/wookie/html/demo-modal-merry_christmas.html]
[softali.net/victor/wookie/html/compare.html]
[softali.net/victor/wookie/html/images/product/product-45-01.jpg]
[softali.net/victor/wookie/html/images/product/product-46-01.jpg]
[softali.net/victor/wookie/html/images/product/product-05.jpg]
[softali.net/victor/wookie/html/compare-02.html]
[softali.net/victor/wookie/html/wishlist.html]
[softali.net/victor/wookie/html/empty-search.html]
[softali.net/victor/wookie/html/empty-cart.html]
[softali.net/victor/wookie/html/empty-wishlist.html]
[softali.net/victor/wookie/html/css/rtl.css]
[softali.net/victor/wookie/html/index-rtl.html]
[softali.net/victor/wookie/html/images/loader.svg]
[softali.net/victor/wookie/html/login.html]
[softali.net/victor/wookie/html/create-account.html]
[softali.net/victor/wookie/html/account_order.html]
[softali.net/victor/wookie/html/images/gradient/g30.html]
[softali.net/victor/wookie/html/images/gradient/g40.html]
[softali.net/victor/wookie/html/external/rs-plugin/font/revicons90c6.svg]
[softali.net/victor/wookie/html/font/fonts/wokiee0959.svg]
[softali.net/victor/wookie/html/video/txtandvideo_01.mp4]
[softali.net/victor/wookie/html/images/promo/index21-promo-img-01.jpg]
[softali.net/victor/wookie/html/video/video_small.mp4]
[softali.net/victor/wookie/html/images/promo/index21-promo-img-02.jpg]
[softali.net/victor/wookie/html/index-21.html]
[softali.net/victor/wookie/html/css/style-skin-football.css]
[softali.net/victor/wookie/html/images/skin-football/logo.svg]
[softali.net/victor/wookie/html/index-skin-football.html]
[softali.net/victor/wookie/html/css/style-skin-base-ball.css]
[softali.net/victor/wookie/html/images/skin-base-ball/logo.svg]
[softali.net/victor/wookie/html/images/skin-base-ball/slide-01.jpg]
[softali.net/victor/wookie/html/images/skin-base-ball/slide-02.jpg]
[softali.net/victor/wookie/html/images/skin-base-ball/promo-img-01.jpg]
[softali.net/victor/wookie/html/index-skin-base-ball.html]
[softali.net/victor/wookie/html/images/skin-basketball/logo.png]
[softali.net/victor/wookie/html/index-skin-basketball.html]
[softali.net/victor/wookie/html/css/style-skin-basketball.css]
[softali.net/victor/wookie/html/images/skin-christmas/logo.png]
[softali.net/victor/wookie/html/css/style-skin-christmas.css]
[softali.net/victor/wookie/html/images/product/product-04.jpg]
[softali.net/victor/wookie/html/images/skin-christmas/slides/slide-01.jpg]
[softali.net/victor/wookie/html/images/skin-christmas/slides/slide-02.jpg]
[softali.net/victor/wookie/html/images/skin-christmas/slides/slide-03.jpg]
[softali.net/victor/wookie/html/images/skin-christmas/btn-img01.jpg]
[softali.net/victor/wookie/html/images/skin-christmas/btn-img02.jpg]
[softali.net/victor/wookie/html/images/skin-christmas/btn-img03.jpg]
[softali.net/victor/wookie/html/images/skin-christmas/btn-img04.jpg]
[softali.net/victor/wookie/html/images/skin-christmas/btn-img05.jpg]
[softali.net/victor/wookie/html/images/skin-christmas/btn-img06.jpg]
[softali.net/victor/wookie/html/images/skin-christmas/promo/promo-img-02.jpg]
[softali.net/victor/wookie/html/images/skin-christmas/promo/promo-img-03.jpg]
[softali.net/victor/wookie/html/images/skin-christmas/product/product-09.jpg]
[softali.net/victor/wookie/html/images/skin-christmas/portfolio/img-01.jpg]
[softali.net/victor/wookie/html/images/skin-christmas/portfolio/img-02.jpg]
[softali.net/victor/wookie/html/images/skin-christmas/portfolio/img-03.jpg]
[softali.net/victor/wookie/html/images/skin-christmas/portfolio/img-04.jpg]
[softali.net/victor/wookie/html/images/skin-christmas/portfolio/img-05.jpg]
[softali.net/victor/wookie/html/images/skin-christmas/portfolio/img-06.jpg]
[softali.net/victor/wookie/html/images/skin-christmas/portfolio/img-07.jpg]
[softali.net/victor/wookie/html/images/skin-christmas/portfolio/img-08.jpg]
[softali.net/victor/wookie/html/images/skin-christmas/portfolio/img-09.jpg]
[softali.net/victor/wookie/html/images/skin-christmas/portfolio/img-10.jpg]
[softali.net/victor/wookie/html/images/skin-christmas/portfolio/img-11.jpg]
[softali.net/victor/wookie/html/images/skin-christmas/portfolio/img-12.jpg]
[softali.net/victor/wookie/html/index-skin-christmas.html]
[softali.net/victor/wookie/html/images/skin-drones/logo.png]
[softali.net/victor/wookie/html/css/style-skin-drones.css]
[softali.net/victor/wookie/html/images/skin-drones/drones.jpg]
[softali.net/victor/wookie/html/images/skin-drones/drones.mp4]
[softali.net/victor/wookie/html/images/skin-drones/drones_02.mp4]
[softali.net/victor/wookie/html/images/skin-drones/promo-img-01.jpg]
[softali.net/victor/wookie/html/images/skin-drones/drones_03.mp4]
[softali.net/victor/wookie/html/images/skin-drones/promo-img-02.jpg]
[softali.net/victor/wookie/html/images/skin-drones/drones_04.mp4]
[softali.net/victor/wookie/html/images/skin-drones/promo-img-03.jpg]
[softali.net/victor/wookie/html/images/skin-drones/portfolio-img-01.jpg]
[softali.net/victor/wookie/html/images/skin-drones/portfolio-img-02.jpg]
[softali.net/victor/wookie/html/images/skin-drones/portfolio-img-03.jpg]
[softali.net/victor/wookie/html/images/skin-drones/portfolio-img-04.jpg]
[softali.net/victor/wookie/html/images/skin-drones/portfolio-img-05.jpg]
[softali.net/victor/wookie/html/images/skin-drones/portfolio-img-06.jpg]
[softali.net/victor/wookie/html/images/skin-drones/portfolio-img-07.jpg]
[softali.net/victor/wookie/html/images/skin-drones/portfolio-img-08.jpg]
[softali.net/victor/wookie/html/index-skin-drones.html]
[softali.net/victor/wookie/html/css/style-skin-flowers.css]
[softali.net/victor/wookie/html/images/skin-flowers/logo.png]
[softali.net/victor/wookie/html/images/skin-flowers/img-01.jpg]
[softali.net/victor/wookie/html/images/skin-flowers/portfolio-01.jpg]
[softali.net/victor/wookie/html/images/skin-flowers/portfolio-02.jpg]
[softali.net/victor/wookie/html/images/skin-flowers/portfolio-03.jpg]
[softali.net/victor/wookie/html/images/skin-flowers/portfolio-04.jpg]
[softali.net/victor/wookie/html/images/skin-flowers/portfolio-05.jpg]
[softali.net/victor/wookie/html/images/skin-flowers/portfolio-06.jpg]
[softali.net/victor/wookie/html/index-skin-flowers.html]
[softali.net/victor/wookie/html/css/style-skin-lifestyle.css]
[softali.net/victor/wookie/html/images/skin-lifestyle/logo.svg]
[softali.net/victor/wookie/html/images/skin-lifestyle/product/product-01.jpg]
[softali.net/victor/wookie/html/images/skin-lifestyle/product/product-02.jpg]
[softali.net/victor/wookie/html/images/skin-lifestyle/product/product-03.jpg]
[softali.net/victor/wookie/html/images/skin-lifestyle/product/product-04.jpg]
[softali.net/victor/wookie/html/images/skin-lifestyle/product/product-05.jpg]
[softali.net/victor/wookie/html/images/skin-lifestyle/product/product-06.jpg]
[softali.net/victor/wookie/html/images/skin-lifestyle/product/product-08.jpg]
[softali.net/victor/wookie/html/images/skin-lifestyle/product/product-09.jpg]
[softali.net/victor/wookie/html/images/skin-lifestyle/product/product-10.jpg]
[softali.net/victor/wookie/html/images/skin-lifestyle/product/product-11.jpg]
[softali.net/victor/wookie/html/images/skin-lifestyle/product/product-12.jpg]
[softali.net/victor/wookie/html/index-skin-lifestyle.html]
[softali.net/victor/wookie/html/images/skin-olivers/logo.png]
[softali.net/victor/wookie/html/images/skin-olivers/img-01.jpg]
[softali.net/victor/wookie/html/css/style-skin-olivers.css]
[softali.net/victor/wookie/html/images/skin-olivers/section-bg-03.jpg]
[softali.net/victor/wookie/html/images/skin-olivers/img-02.jpg]
[softali.net/victor/wookie/html/images/skin-olivers/section-bg-04.jpg]
[softali.net/victor/wookie/html/images/skin-olivers/img-03.jpg]
[softali.net/victor/wookie/html/images/skin-olivers/section-bg-01.jpg]
[softali.net/victor/wookie/html/images/skin-olivers/section-bg-02.jpg]
[softali.net/victor/wookie/html/images/skin-olivers/logo-img.png]
[softali.net/victor/wookie/html/index-skin-olivers.html]
[softali.net/victor/wookie/html/listing-left-column-2.html]
[softali.net/victor/wookie/html/images/skin-baby/img-01.jpg]
[softali.net/victor/wookie/html/css/style-skin-baby.css]
[softali.net/victor/wookie/html/css/style-skin-beer.css]
[softali.net/victor/wookie/html/images/loader-05.svg]
[softali.net/victor/wookie/html/css/style-skin-books02.css]
[softali.net/victor/wookie/html/images/loader-02.svg]
[softali.net/victor/wookie/html/css/style-skin-care.css]
[softali.net/victor/wookie/html/css/style-skin-cakes.css]
[softali.net/victor/wookie/html/css/style-skin-coffee.css]
[softali.net/victor/wookie/html/images/loader-03.svg]
[softali.net/victor/wookie/html/css/style-skin-comic-books.css]
[softali.net/victor/wookie/html/css/style-skin-cookware.css]
[softali.net/victor/wookie/html/images/skin-comic-books/product/product-07.jpg]
[softali.net/victor/wookie/html/images/skin-comic-books/product/product-05.jpg]
[softali.net/victor/wookie/html/css/style-skin-food.css]
[softali.net/victor/wookie/html/images/skin-food/logo.svg]
[softali.net/victor/wookie/html/images/loader-09.svg]
[softali.net/victor/wookie/html/css/style-skin-furniture02.css]
[softali.net/victor/wookie/html/css/style-skin-handmade.css]
[softali.net/victor/wookie/html/css/style-skin-oneproducts.css]
[softali.net/victor/wookie/html/images/skin-food/product/soups/product-04.jpg]
[softali.net/victor/wookie/html/css/style-skin-oneproducts02.css]
[softali.net/victor/wookie/html/images/skin-plants/img-06.jpg]
[softali.net/victor/wookie/html/css/style-skin-plants.css]
[softali.net/victor/wookie/html/images/skin-plants/logo.svg]
[softali.net/victor/wookie/html/index-skin-plants__singlepage.html]
[softali.net/victor/wookie/html/index-skin-plants__list.html]
[softali.net/victor/wookie/html/css/style-skin-shirts.css]
[softali.net/victor/wookie/html/images/loader-04.svg]
[softali.net/victor/wookie/html/css/style-skin-tea.css]
[softali.net/victor/wookie/html/images/skin-plants/portfolio/img-05.jpg]
[softali.net/victor/wookie/html/images/skin-tools/menu-bg-01.jpg]
[softali.net/victor/wookie/html/css/style-skin-tools.css]
[softali.net/victor/wookie/html/css/style-skin-wallets.css]
[softali.net/victor/wookie/html/images/skin-watches/wrapper-01.jpg]
[softali.net/victor/wookie/html/css/style-skin-watches.css]
[softali.net/victor/wookie/html/css/style-skin-bikes.css]
[softali.net/victor/wookie/html/images/loader-08.svg]
[softali.net/victor/wookie/html/images/skin-bicycle/product/product-09.jpg]
[softali.net/victor/wookie/html/css/style-skin-books.css]
[softali.net/victor/wookie/html/css/style-skin-carsshop.css]
[softali.net/victor/wookie/html/css/style-skin-clothes.css]
[softali.net/victor/wookie/html/css/style-skin-bicycle.css]
[softali.net/victor/wookie/html/css/index-skin-cosmetics.css]
[softali.net/victor/wookie/html/images/loader-06.svg]
[softali.net/victor/wookie/html/images/loader-01.svg]
[softali.net/victor/wookie/html/images/skin-food02/img-01.png]
[softali.net/victor/wookie/html/css/style-skin-food02.css]
[softali.net/victor/wookie/html/css/style-skin-electronics.css]
[softali.net/victor/wookie/html/images/skin-electronics/btn-img01.svg]
[softali.net/victor/wookie/html/images/skin-electronics/btn-img02.svg]
[softali.net/victor/wookie/html/images/skin-electronics/btn-img03.svg]
[softali.net/victor/wookie/html/images/skin-electronics/btn-img04.svg]
[softali.net/victor/wookie/html/images/skin-electronics/btn-img05.svg]
[softali.net/victor/wookie/html/images/skin-electronics/btn-img06.svg]
[softali.net/victor/wookie/html/images/skin-electronics/btn-img07.svg]
[softali.net/victor/wookie/html/images/skin-electronics/btn-img08.svg]
[softali.net/victor/wookie/html/images/skin-electronics/btn-img09.svg]
[softali.net/victor/wookie/html/css/style-skin-furniture.css]
[softali.net/victor/wookie/html/images/loader-furniture.svg]
[softali.net/victor/wookie/html/css/style-skin-glasses.css]
[softali.net/victor/wookie/html/css/style-skin-gothic.css]
[softali.net/victor/wookie/html/css/style-skin-jewerly.css]
[softali.net/victor/wookie/html/css/style-skin-kids-clothes.css]
[softali.net/victor/wookie/html/css/style-skin-toys.css]
[softali.net/victor/wookie/html/css/style-skin-lingerie.css]
[softali.net/victor/wookie/html/css/style-skin-medical.css]
[softali.net/victor/wookie/html/css/style-skin-oneproducts03.css]
[softali.net/victor/wookie/html/css/style-skin-phones.css]
[softali.net/victor/wookie/html/css/style-skin-phone-cases.css]
[softali.net/victor/wookie/html/css/style-skin-snowboards.css]
[softali.net/victor/wookie/html/css/style-skin-weapons.css]
[softali.net/victor/wookie/html/css/style-skin-yoga.css]
[cdnjs.cloudflare.com/ajax/libs/fotorama/4.6.4/fotorama.png]
[cdnjs.cloudflare.com/ajax/libs/fotorama/4.6.4/fotorama.css]
[softali.net/victor/wookie/html/shopping_order.html]
[softali.net/victor/wookie/html/css/rtl.css]
[cdnjs.cloudflare.com/ajax/libs/fotorama/4.6.4/fotorama@2x.png]
[softali.net/victor/wookie/html/css/style-skin-football.css]
[softali.net/victor/wookie/html/images/skin-football/logo.svg]
[softali.net/victor/wookie/html/images/loader-10.html]
[softali.net/victor/wookie/html/css/style-skin-base-ball.css]
[softali.net/victor/wookie/html/images/skin-base-ball/logo.svg]
[softali.net/victor/wookie/html/css/style-skin-basketball.css]
[softali.net/victor/wookie/html/images/skin-christmas/top-panel-bg.png]
[softali.net/victor/wookie/html/css/style-skin-christmas.css]
[softali.net/victor/wookie/html/css/style-skin-drones.css]
[softali.net/victor/wookie/html/images/skin-flowers/promo-01.jpg]
[softali.net/victor/wookie/html/css/style-skin-flowers.css]
[softali.net/victor/wookie/html/css/style-skin-lifestyle.css]
[softali.net/victor/wookie/html/images/skin-lifestyle/logo.svg]
[softali.net/victor/wookie/html/css/style-skin-olivers.css]
[softali.net/victor/wookie/html/images/skin-plants/product/product-05.jpg]
[softali.net/victor/wookie/html/index-skin-plants__singlepage.html]
[softali.net/victor/wookie/html/index-skin-plants__productitem.html]
[softali.net/victor/wookie/html/images/skin-lifestyle/product/product-07.jpg]
[softali.net/victor/wookie/html/images/skin-bicycle/promo/promo-img-10.jpg]
[softali.net/victor/wookie/html/css/style-skin-bicycle.css]
